
Hourly data:
hourly-2017-03.csv

Daily data:
noaa-data-us-units.csv

Day range:
2017-03-13 to 2017-03-16

Daily precipitation, inchces of water:
DATE
2017-03-13    0.00
2017-03-14    0.96
2017-03-15    0.20
2017-03-16    0.00

Daily precipitation, inches of snow:
DATE
2017-03-13     0.0
2017-03-14    18.9
2017-03-15     5.5
2017-03-16     0.0

Conversion, water to snow:
21.03448275862069

Data for 0.01 cutoff:
    event_hr    accpct       acc
27        27  0.025862  0.631034

Data for 0.25 cutoff:
    event_hr    accpct      acc
34        34  0.267241  6.52069

Data for 0.5 cutoff:
    event_hr    accpct       acc
39        39  0.517241  12.62069

Data for 0.75 cutoff:
    event_hr    accpct       acc
45        45  0.767241  18.72069

Data for 0.99 cutoff:
    event_hr    accpct        acc
64        64  0.991379  24.189655
